<?php return array (
  0 => 'Symfony\\Bundle\\FrameworkBundle\\Controller\\AbstractController',
  1 => 'App\\Controller\\AcademieController',
  2 => 'App\\Controller\\AdminController',
  3 => 'App\\Controller\\CategorieLocationController',
  4 => 'App\\Controller\\ClientController',
  5 => 'App\\Controller\\CoachController',
  6 => 'App\\Controller\\CoursController',
  7 => 'App\\Controller\\EspaceController',
  8 => 'App\\Controller\\EvenementController',
  9 => 'App\\Controller\\ExerciceController',
  10 => 'App\\Controller\\HomeController',
  11 => 'App\\Controller\\RegistrationController',
  12 => 'App\\Controller\\ResetPasswordController',
  13 => 'App\\Controller\\SalleController',
  14 => 'App\\Controller\\SecurityController',
  15 => 'App\\Entity\\Academie',
  16 => 'App\\Entity\\Admin',
  17 => 'App\\Entity\\CategorieLocation',
  18 => 'App\\Entity\\Client',
  19 => 'App\\Entity\\Coach',
  20 => 'App\\Entity\\Cours',
  21 => 'App\\Entity\\Espace',
  22 => 'App\\Entity\\Evenement',
  23 => 'App\\Entity\\Exercice',
  24 => 'App\\Entity\\Participation',
  25 => 'App\\Entity\\Rating',
  26 => 'App\\Entity\\ResetPasswordRequest',
  27 => 'App\\Entity\\Salle',
  28 => 'App\\Entity\\User',
  29 => 'Doctrine\\Bundle\\DoctrineBundle\\Controller\\ProfilerController',
  30 => 'Doctrine\\ORM\\Cache\\Persister\\Entity\\AbstractEntityPersister',
  31 => 'Doctrine\\ORM\\Cache\\Persister\\Entity\\CachedEntityPersister',
  32 => 'Doctrine\\ORM\\Cache\\Persister\\Entity\\NonStrictReadWriteCachedEntityPersister',
  33 => 'Doctrine\\ORM\\Cache\\Persister\\Entity\\ReadOnlyCachedEntityPersister',
  34 => 'Doctrine\\ORM\\Cache\\Persister\\Entity\\ReadWriteCachedEntityPersister',
  35 => 'Doctrine\\ORM\\Persisters\\Entity\\AbstractEntityInheritancePersister',
  36 => 'Doctrine\\ORM\\Persisters\\Entity\\BasicEntityPersister',
  37 => 'Doctrine\\ORM\\Persisters\\Entity\\CachedPersisterContext',
  38 => 'Doctrine\\ORM\\Persisters\\Entity\\EntityPersister',
  39 => 'Doctrine\\ORM\\Persisters\\Entity\\JoinedSubclassPersister',
  40 => 'Doctrine\\ORM\\Persisters\\Entity\\SingleTablePersister',
  41 => 'SymfonyCasts\\Bundle\\ResetPassword\\Controller\\ResetPasswordControllerTrait',
  43 => 'Symfony\\Bundle\\FrameworkBundle\\Controller\\ControllerResolver',
  44 => 'Symfony\\Bundle\\FrameworkBundle\\Controller\\RedirectController',
  45 => 'Symfony\\Bundle\\FrameworkBundle\\Controller\\TemplateController',
  46 => 'Symfony\\Bundle\\WebProfilerBundle\\Controller\\ExceptionPanelController',
  47 => 'Symfony\\Bundle\\WebProfilerBundle\\Controller\\ProfilerController',
  48 => 'Symfony\\Bundle\\WebProfilerBundle\\Controller\\RouterController',
  49 => 'Symfony\\Component\\HttpKernel\\Controller\\ArgumentResolver',
  50 => 'Symfony\\Component\\HttpKernel\\Controller\\ArgumentResolverInterface',
  51 => 'Symfony\\Component\\HttpKernel\\Controller\\ArgumentResolver\\DefaultValueResolver',
  52 => 'Symfony\\Component\\HttpKernel\\Controller\\ArgumentResolver\\NotTaggedControllerValueResolver',
  53 => 'Symfony\\Component\\HttpKernel\\Controller\\ArgumentResolver\\RequestAttributeValueResolver',
  54 => 'Symfony\\Component\\HttpKernel\\Controller\\ArgumentResolver\\RequestValueResolver',
  55 => 'Symfony\\Component\\HttpKernel\\Controller\\ArgumentResolver\\ServiceValueResolver',
  56 => 'Symfony\\Component\\HttpKernel\\Controller\\ArgumentResolver\\SessionValueResolver',
  57 => 'Symfony\\Component\\HttpKernel\\Controller\\ArgumentResolver\\TraceableValueResolver',
  58 => 'Symfony\\Component\\HttpKernel\\Controller\\ArgumentResolver\\VariadicValueResolver',
  59 => 'Symfony\\Component\\HttpKernel\\Controller\\ArgumentValueResolverInterface',
  60 => 'Symfony\\Component\\HttpKernel\\Controller\\ContainerControllerResolver',
  61 => 'Symfony\\Component\\HttpKernel\\Controller\\ControllerReference',
  62 => 'Symfony\\Component\\HttpKernel\\Controller\\ControllerResolver',
  63 => 'Symfony\\Component\\HttpKernel\\Controller\\ControllerResolverInterface',
  64 => 'Symfony\\Component\\HttpKernel\\Controller\\ErrorController',
  65 => 'Symfony\\Component\\HttpKernel\\Controller\\TraceableArgumentResolver',
  66 => 'Symfony\\Component\\HttpKernel\\Controller\\TraceableControllerResolver',
  67 => 'Symfony\\Component\\Security\\Http\\Controller\\UserValueResolver',
);